Microchip MPLAB XC8 Compiler V1.41 ()

Linker command line:

-W-3 --edf=C:\Program Files (x86)\Microchip\xc8\v1.41\dat\en_msgs.txt -cs \
  -h+dist/default/production\BombaPeristaltica.X.production.sym \
  --cmf=dist/default/production\BombaPeristaltica.X.production.cmf -z \
  -Q16F877A -oC:\Users\cHiRi\AppData\Local\Temp\s1f8.2 \
  -Mdist/default/production/BombaPeristaltica.X.production.map -E1 -ver=XC8 \
  -ASTACK=0110h-016fh -pstack=STACK -ACODE=00h-07FFhx4 -ASTRCODE=00h-01FFFh \
  -ASTRING=00h-0FFhx32 -ACONST=00h-0FFhx32 -AENTRY=00h-0FFhx32 \
  -ACOMMON=070h-07Fh -ABANK0=020h-06Fh -ABANK1=0A0h-0EFh \
  -ABANK2=0110h-016Fh -ABANK3=0190h-01EFh \
  -ARAM=020h-06Fh,0A0h-0EFh,0110h-016Fh,0190h-01EFh \
  -AABS1=020h-07Fh,0A0h-0EFh,0110h-016Fh,0190h-01EFh -ASFR0=00h-01Fh \
  -ASFR1=080h-09Fh -ASFR2=0100h-010Fh -ASFR3=0180h-018Fh \
  -preset_vec=00h,intentry=04h,init,end_init -ppowerup=CODE -pcinit=CODE \
  -pfunctab=CODE -ACONFIG=02007h-02007h -pconfig=CONFIG -DCONFIG=2 \
  -AIDLOC=02000h-02003h -pidloc=IDLOC -DIDLOC=2 -AEEDATA=00h-0FFh/02100h \
  -peeprom_data=EEDATA -DEEDATA=2 -DCODE=2 -DSTRCODE=2 -DSTRING=2 -DCONST=2 \
  -DENTRY=2 -k C:\Users\cHiRi\AppData\Local\Temp\s1f8.obj \
  dist/default/production\BombaPeristaltica.X.production.obj 

Object code version is 3.11

Machine type is 16F877A



                Name                               Link     Load   Length Selector   Space Scale
C:\Users\cHiRi\AppData\Local\Temp\s1f8.obj
                end_init                             12       12        3        8       0
                reset_vec                             0        0        3        0       0
                config                             2007     2007        1     400E       0
dist/default/production\BombaPeristaltica.X.production.obj
                cinit                                15       15       18        8       0
                intentry                              4        4        E        8       0
                text36                             1423     1423       28     2846       0
                text35                             13FD     13FD       26     27FA       0
                text34                              ED9      ED9      127     1DB2       0
                text33                             1366     1366       18     26CC       0
                text32                             14E3     14E3       3D     29C6       0
                text31                             155E     155E       41     2ABC       0
                text30                             13B5     13B5       23     276A       0
                text29                             1674     1674       57     2CE8       0
                text28                             1399     1399       1C     2732       0
                text27                             1324     1324        B     2648       0
                text26                              8C3      8C3       61     1186       0
                text25                             1622     1622       52     2C44       0
                text24                              7B0      7B0       4E        8       0
                text23                             1792     1792       6E     2F24       0
                text22                             15E0     15E0       42     2BC0       0
                text21                             133F     133F       13     267E       0
                text20                              9C4      9C4       B8     1388       0
                text19                             16CB     16CB       5F     2D96       0
                text18                              B3E      B3E       D3     167C       0
                text17                             131A     131A        A     2634       0
                text16                             159F     159F       41     2B3E       0
                text15                             132F     132F       10     265E       0
                text14                             1352     1352       14     26A4       0
                text13                               2D       2D      41D        8       0
                text12                             137E     137E       1B     26FC       0
                text11                             13D8     13D8       25     27B0       0
                text10                              DD0      DD0      109     1BA0       0
                text9                               A7C      A7C       C2     14F8       0
                text8                              14A7     14A7       3C     294E       0
                text7                              172A     172A       68     2E54       0
                text6                               924      924       A0     1248       0
                text5                              1520     1520       3E     2A40       0
                text4                              1473     1473       34     28E6       0
                text3                               C11      C11       D6     1822       0
                text2                               CE7      CE7       E9     19CE       0
                text1                              144B     144B       28     2896       0
                maintext                            44A      44A      366        8       0
                cstackBANK0                          20       20       4C       20       1
                cstackCOMMON                         70       70        D       70       1
                cstackBANK1                          A0       A0       3B       A0       1
                clrtext                            1312     1312        8     2624       0
                bssBANK3                            190      190       10      190       1
                bssBANK1                             DB       DB       13       A0       1
                bssBANK0                             6C       6C        2       20       1
                bssCOMMON                            7D       7D        1       70       1
                strings                             800      800       BF     1000       0

TOTAL           Name                               Link     Load   Length     Space
        CLASS   STACK          

        CLASS   CODE           
                end_init                             12       12        3         0
                cinit                                15       15       18         0
                intentry                              4        4        E         0
                reset_vec                             0        0        3         0
                text36                             1423     1423       28         0
                text35                             13FD     13FD       26         0
                text34                              ED9      ED9      127         0
                text33                             1366     1366       18         0
                text32                             14E3     14E3       3D         0
                text31                             155E     155E       41         0
                text30                             13B5     13B5       23         0
                text29                             1674     1674       57         0
                text28                             1399     1399       1C         0
                text27                             1324     1324        B         0
                text26                              8C3      8C3       61         0
                text25                             1622     1622       52         0
                text24                              7B0      7B0       4E         0
                text23                             1792     1792       6E         0
                text22                             15E0     15E0       42         0
                text21                             133F     133F       13         0
                text20                              9C4      9C4       B8         0
                text19                             16CB     16CB       5F         0
                text18                              B3E      B3E       D3         0
                text17                             131A     131A        A         0
                text16                             159F     159F       41         0
                text15                             132F     132F       10         0
                text14                             1352     1352       14         0
                text13                               2D       2D      41D         0
                text12                             137E     137E       1B         0
                text11                             13D8     13D8       25         0
                text10                              DD0      DD0      109         0
                text9                               A7C      A7C       C2         0
                text8                              14A7     14A7       3C         0
                text7                              172A     172A       68         0
                text6                               924      924       A0         0
                text5                              1520     1520       3E         0
                text4                              1473     1473       34         0
                text3                               C11      C11       D6         0
                text2                               CE7      CE7       E9         0
                text1                              144B     144B       28         0
                maintext                            44A      44A      366         0
                clrtext                            1312     1312        8         0

        CLASS   STRCODE        

        CLASS   STRING         
                strings                             800      800       BF         0

        CLASS   CONST          

        CLASS   ENTRY          

        CLASS   COMMON         
                cstackCOMMON                         70       70        D         1
                bssCOMMON                            7D       7D        1         1

        CLASS   BANK0          
                cstackBANK0                          20       20       4C         1
                bssBANK0                             6C       6C        2         1

        CLASS   BANK1          
                cstackBANK1                          A0       A0       3B         1
                bssBANK1                             DB       DB       13         1

        CLASS   BANK2          

        CLASS   BANK3          
                bssBANK3                            190      190       10         1

        CLASS   RAM            

        CLASS   ABS1           
                abs_s1                               7E       7E        2         1

        CLASS   SFR0           

        CLASS   SFR1           

        CLASS   SFR2           

        CLASS   SFR3           

        CLASS   CONFIG         
                config                             2007     2007        1         0

        CLASS   IDLOC          

        CLASS   EEDATA         



SEGMENTS        Name                           Load    Length   Top    Selector   Space  Class     Delta

                reset_vec                      000000  000003  000003         0       0  CODE        2
                intentry                       000004  0007FA  0007FE         8       0  CODE        2
                cstackBANK0                    000020  00004E  00006E        20       1  BANK0       1
                cstackCOMMON                   000070  00000E  00007E        70       1  COMMON      1
                cstackBANK1                    0000A0  00004E  0000EE        A0       1  BANK1       1
                bssBANK3                       000190  000010  0001A0       190       1  BANK3       1
                strings                        000800  0000BF  0008BF      1000       0  STRING      2
                text26                         0008C3  000061  000924      1186       0  CODE        2
                text6                          000924  0000A0  0009C4      1248       0  CODE        2
                text20                         0009C4  0000B8  000A7C      1388       0  CODE        2
                text9                          000A7C  0000C2  000B3E      14F8       0  CODE        2
                text18                         000B3E  0000D3  000C11      167C       0  CODE        2
                text3                          000C11  0000D6  000CE7      1822       0  CODE        2
                text2                          000CE7  0000E9  000DD0      19CE       0  CODE        2
                text10                         000DD0  000109  000ED9      1BA0       0  CODE        2
                text34                         000ED9  000127  001000      1DB2       0  CODE        2
                clrtext                        001312  000008  00131A      2624       0  CODE        2
                text17                         00131A  00000A  001324      2634       0  CODE        2
                text27                         001324  00000B  00132F      2648       0  CODE        2
                text15                         00132F  000010  00133F      265E       0  CODE        2
                text21                         00133F  000013  001352      267E       0  CODE        2
                text14                         001352  000014  001366      26A4       0  CODE        2
                text33                         001366  000018  00137E      26CC       0  CODE        2
                text12                         00137E  00001B  001399      26FC       0  CODE        2
                text28                         001399  00001C  0013B5      2732       0  CODE        2
                text30                         0013B5  000023  0013D8      276A       0  CODE        2
                text11                         0013D8  000025  0013FD      27B0       0  CODE        2
                text35                         0013FD  000026  001423      27FA       0  CODE        2
                text36                         001423  000028  00144B      2846       0  CODE        2
                text1                          00144B  000028  001473      2896       0  CODE        2
                text4                          001473  000034  0014A7      28E6       0  CODE        2
                text8                          0014A7  00003C  0014E3      294E       0  CODE        2
                text32                         0014E3  00003D  001520      29C6       0  CODE        2
                text5                          001520  00003E  00155E      2A40       0  CODE        2
                text31                         00155E  000041  00159F      2ABC       0  CODE        2
                text16                         00159F  000041  0015E0      2B3E       0  CODE        2
                text22                         0015E0  000042  001622      2BC0       0  CODE        2
                text25                         001622  000052  001674      2C44       0  CODE        2
                text29                         001674  000057  0016CB      2CE8       0  CODE        2
                text19                         0016CB  00005F  00172A      2D96       0  CODE        2
                text7                          00172A  000068  001792      2E54       0  CODE        2
                text23                         001792  00006E  001800      2F24       0  CODE        2
                config                         002007  000001  002008      400E       0  CONFIG      2


UNUSED ADDRESS RANGES

        Name                Unused          Largest block    Delta
        BANK0            006E-006F              2           1
        BANK1            00EE-00EF              2           1
        BANK2            0110-016F             60           1
        BANK3            01A0-01EF             50           1
        CODE             0003-0003              1           2
                         07FE-07FF              2
                         08BF-08C2              4
                         1000-1311            312
                         1800-1FFF            800
        CONST            0003-0003              1           2
                         07FE-07FF              2
                         08BF-08C2              4
                         1000-1311            100
                         1800-1FFF            100
        EEDATA           2100-21FF            100           2
        ENTRY            0003-0003              1           2
                         07FE-07FF              2
                         08BF-08C2              4
                         1000-1311            100
                         1800-1FFF            100
        IDLOC            2000-2003              4           2
        RAM              006E-006F              2           1
                         00EE-00EF              2
                         0110-016F             60
                         01A0-01EF             50
        SFR0             0000-001F             20           1
        SFR1             0080-009F             20           1
        SFR2             0100-010F             10           1
        SFR3             0180-018F             10           1
        STACK            0110-016F             60           1
        STRCODE          0003-0003              1           2
                         07FE-07FF              2
                         08BF-08C2              4
                         1000-1311            312
                         1800-1FFF            800
        STRING           0003-0003              1           2
                         07FE-07FF              2
                         08BF-08C2              4
                         1000-1311            100
                         1800-1FFF            100

                                  Symbol Table

?___altoft                 cstackBANK0  002A
?___awtoft                 cstackBANK0  002A
?___ftadd                  cstackBANK0  0035
?___ftdiv                  cstackBANK0  0052
?___ftmul                  cstackBANK0  0042
?___ftneg                  cstackBANK0  0032
?___ftpack                 cstackBANK0  0022
?___fttol                  cstackBANK0  0062
?___lmul                   cstackBANK0  0022
?___lwdiv                  cstackBANK0  0022
?___lwmod                  cstackBANK0  002A
?_atof                     cstackBANK1  00B6
?_round                    cstackBANK1  00AE
?_sprintf                  cstackBANK0  0030
?_strlen                   cstackBANK0  0022
?_strtod                   cstackBANK0  0062
?_trunc                    cstackBANK1  00A6
?i1_strlen                 cstackCOMMON 0070
ISR@i                      cstackBANK0  0020
Lcd_Cmd@a                  cstackBANK0  0025
Lcd_Port@a                 cstackBANK0  0022
Lcd_Set_Cursor@a           cstackBANK0  0029
Lcd_Set_Cursor@b           cstackBANK0  0026
Lcd_Set_Cursor@temp        cstackBANK0  002C
Lcd_Set_Cursor@y           cstackBANK0  002B
Lcd_Set_Cursor@z           cstackBANK0  002A
Lcd_Write_Char@a           cstackBANK0  0026
Lcd_Write_Char@temp        cstackBANK0  0024
Lcd_Write_Char@y           cstackBANK0  0025
Lcd_Write_String@a         cstackBANK0  0027
Lcd_Write_String@i         cstackBANK0  002C
_ADCON1bits                (abs)        009F
_INTCONbits                (abs)        000B
_ISR                       text34       0ED9
_Lcd_Clear                 text27       1324
_Lcd_Cmd                   text28       1399
_Lcd_Init                  text26       08C3
_Lcd_Port                  text33       1366
_Lcd_Set_Cursor            text25       1622
_Lcd_Write_Char            text32       14E3
_Lcd_Write_String          text31       155E
_Navkey                    text29       1674
_OPTION_REGbits            (abs)        0081
_PIE1bits                  (abs)        008C
_PIR1bits                  (abs)        000C
_PORTB                     (abs)        0006
_PORTBbits                 (abs)        0006
_PORTDbits                 (abs)        0008
_RA5                       (abs)        002D
_RC4                       (abs)        003C
_RC5                       (abs)        003D
_RC6                       (abs)        003E
_RC7                       (abs)        003F
_RD0                       (abs)        0040
_RD1                       (abs)        0041
_RD2                       (abs)        0042
_RD3                       (abs)        0043
_RD4                       (abs)        0044
_RE0                       (abs)        0048
_RE1                       (abs)        0049
_RE2                       (abs)        004A
_Setup                     text24       07B0
_T1CONbits                 (abs)        0010
_TMR0                      (abs)        0001
_TRISAbits                 (abs)        0085
_TRISB                     (abs)        0086
_TRISC                     (abs)        0087
_TRISD                     (abs)        0088
_TRISEbits                 (abs)        0089
__CFG_BOREN$OFF            (abs)        0000
__CFG_CP$OFF               (abs)        0000
__CFG_CPD$OFF              (abs)        0000
__CFG_FOSC$XT              (abs)        0000
__CFG_LVP$OFF              (abs)        0000
__CFG_PWRTE$OFF            (abs)        0000
__CFG_WDTE$OFF             (abs)        0000
__CFG_WRT$OFF              (abs)        0000
__Habs1                    abs1         0000
__Hbank0                   bank0        0000
__Hbank1                   bank1        0000
__Hbank2                   bank2        0000
__Hbank3                   bank3        0000
__HbssBANK0                bssBANK0     0000
__HbssBANK1                bssBANK1     0000
__HbssBANK3                bssBANK3     0000
__HbssCOMMON               bssCOMMON    0000
__Hcinit                   cinit        002D
__Hclrtext                 clrtext      0000
__Hcode                    code         0000
__Hcommon                  common       0000
__Hconfig                  config       2008
__HcstackBANK0             cstackBANK0  0000
__HcstackBANK1             cstackBANK1  0000
__HcstackCOMMON            cstackCOMMON 0000
__Heeprom_data             eeprom_data  0000
__Hend_init                end_init     0015
__Hfunctab                 functab      0000
__Hidloc                   idloc        0000
__Hinit                    init         0012
__Hintentry                intentry     0012
__Hmaintext                maintext     0000
__Hpowerup                 powerup      0000
__Hram                     ram          0000
__Hreset_vec               reset_vec    0003
__Hsfr0                    sfr0         0000
__Hsfr1                    sfr1         0000
__Hsfr2                    sfr2         0000
__Hsfr3                    sfr3         0000
__Hspace_0                 (abs)        2008
__Hspace_1                 (abs)        01A0
__Hspace_2                 (abs)        0000
__Hspace_3                 (abs)        0000
__Hstack                   stack        0000
__Hstrings                 strings      0000
__Htext                    text         0000
__Labs1                    abs1         0000
__Lbank0                   bank0        0000
__Lbank1                   bank1        0000
__Lbank2                   bank2        0000
__Lbank3                   bank3        0000
__LbssBANK0                bssBANK0     0000
__LbssBANK1                bssBANK1     0000
__LbssBANK3                bssBANK3     0000
__LbssCOMMON               bssCOMMON    0000
__Lcinit                   cinit        0015
__Lclrtext                 clrtext      0000
__Lcode                    code         0000
__Lcommon                  common       0000
__Lconfig                  config       2007
__LcstackBANK0             cstackBANK0  0000
__LcstackBANK1             cstackBANK1  0000
__LcstackCOMMON            cstackCOMMON 0000
__Leeprom_data             eeprom_data  0000
__Lend_init                end_init     0012
__Lfunctab                 functab      0000
__Lidloc                   idloc        0000
__Linit                    init         0012
__Lintentry                intentry     0004
__Lmaintext                maintext     0000
__Lpowerup                 powerup      0000
__Lram                     ram          0000
__Lreset_vec               reset_vec    0000
__Lsfr0                    sfr0         0000
__Lsfr1                    sfr1         0000
__Lsfr2                    sfr2         0000
__Lsfr3                    sfr3         0000
__Lspace_0                 (abs)        0000
__Lspace_1                 (abs)        0000
__Lspace_2                 (abs)        0000
__Lspace_3                 (abs)        0000
__Lstack                   stack        0000
__Lstrings                 strings      0000
__Ltext                    text         0000
__S0                       (abs)        2008
__S1                       (abs)        01A0
__S2                       (abs)        0000
__S3                       (abs)        0000
___altoft                  text22       15E0
___altoft@c                cstackBANK0  002A
___altoft@exp              cstackBANK0  0030
___altoft@sign             cstackBANK0  0031
___awtoft                  text11       13D8
___awtoft@c                cstackBANK0  002A
___awtoft@sign             cstackBANK0  002F
___bmul                    text21       133F
___bmul@multiplicand       cstackBANK0  0022
___bmul@multiplier         cstackBANK0  0025
___bmul@product            cstackBANK0  0024
___ftadd                   text10       0DD0
___ftadd@exp1              cstackBANK0  0041
___ftadd@exp2              cstackBANK0  0040
___ftadd@f1                cstackBANK0  0035
___ftadd@f2                cstackBANK0  0038
___ftadd@sign              cstackBANK0  003F
___ftdiv                   text20       09C4
___ftdiv@cntr              cstackBANK0  005C
___ftdiv@exp               cstackBANK0  0060
___ftdiv@f1                cstackBANK0  0055
___ftdiv@f2                cstackBANK0  0052
___ftdiv@f3                cstackBANK0  005D
___ftdiv@sign              cstackBANK0  0061
___ftge                    text19       16CB
___ftge@ff1                cstackBANK0  0052
___ftge@ff2                cstackBANK0  0055
___ftmul                   text18       0B3E
___ftmul@cntr              cstackBANK0  0050
___ftmul@exp               cstackBANK0  004C
___ftmul@f1                cstackBANK0  0042
___ftmul@f2                cstackBANK0  0045
___ftmul@f3_as_product     cstackBANK0  004D
___ftmul@sign              cstackBANK0  0051
___ftneg                   text17       131A
___ftneg@f1                cstackBANK0  0032
___ftpack                  text23       1792
___ftpack@arg              cstackBANK0  0022
___ftpack@exp              cstackBANK0  0025
___ftpack@sign             cstackBANK0  0026
___fttol                   text9        0A7C
___fttol@exp1              cstackBANK1  00A5
___fttol@f1                cstackBANK0  0062
___fttol@lval              cstackBANK1  00A1
___fttol@sign1             cstackBANK1  00A0
___int_sp                  stack        0000
___latbits                 (abs)        0002
___lmul                    text16       159F
___lmul@multiplicand       cstackBANK0  0026
___lmul@multiplier         cstackBANK0  0022
___lmul@product            cstackBANK0  002B
___lwdiv                   text5        1520
___lwdiv@counter           cstackBANK0  0029
___lwdiv@dividend          cstackBANK0  0024
___lwdiv@divisor           cstackBANK0  0022
___lwdiv@quotient          cstackBANK0  0027
___lwmod                   text4        1473
___lwmod@counter           cstackBANK0  002F
___lwmod@dividend          cstackBANK0  002C
___lwmod@divisor           cstackBANK0  002A
___sp                      stack        0000
__end_of_ISR               text34       1000
__end_of_Lcd_Clear         text27       132F
__end_of_Lcd_Cmd           text28       13B5
__end_of_Lcd_Init          text26       0924
__end_of_Lcd_Port          text33       137E
__end_of_Lcd_Set_Cursor    text25       1674
__end_of_Lcd_Write_Char    text32       1520
__end_of_Lcd_Write_String  text31       159F
__end_of_Navkey            text29       16CB
__end_of_Setup             text24       07FE
__end_of___altoft          text22       1622
__end_of___awtoft          text11       13FD
__end_of___bmul            text21       1352
__end_of___ftadd           text10       0ED9
__end_of___ftdiv           text20       0A7C
__end_of___ftge            text19       172A
__end_of___ftmul           text18       0C11
__end_of___ftneg           text17       1324
__end_of___ftpack          text23       1800
__end_of___fttol           text9        0B3E
__end_of___lmul            text16       15E0
__end_of___lwdiv           text5        155E
__end_of___lwmod           text4        14A7
__end_of__initialization   cinit        0029
__end_of__stringtab        strings      0810
__end_of_atof              text12       1399
__end_of_dpowers           strings      081A
__end_of_floatToString     text2        0DD0
__end_of_frexp             text8        14E3
__end_of_isdigit           text15       133F
__end_of_isspace           text14       1366
__end_of_main              maintext     07B0
__end_of_round             text6        09C4
__end_of_sprintf           text3        0CE7
__end_of_strcat            text36       144B
__end_of_strcpy            text30       13D8
__end_of_strlen            text1        1473
__end_of_strtod            text13       044A
__end_of_trunc             text7        1792
__end_ofi1_strlen          text35       1423
__initialization           cinit        0015
__pbssBANK0                bssBANK0     006C
__pbssBANK1                bssBANK1     00DB
__pbssBANK3                bssBANK3     0190
__pbssCOMMON               bssCOMMON    007D
__pcstackBANK0             cstackBANK0  0020
__pcstackBANK1             cstackBANK1  00A0
__pcstackCOMMON            cstackCOMMON 0070
__pintentry                intentry     0004
__pmaintext                maintext     044A
__pstrings                 strings      0800
__ptext1                   text1        144B
__ptext10                  text10       0DD0
__ptext11                  text11       13D8
__ptext12                  text12       137E
__ptext13                  text13       002D
__ptext14                  text14       1352
__ptext15                  text15       132F
__ptext16                  text16       159F
__ptext17                  text17       131A
__ptext18                  text18       0B3E
__ptext19                  text19       16CB
__ptext2                   text2        0CE7
__ptext20                  text20       09C4
__ptext21                  text21       133F
__ptext22                  text22       15E0
__ptext23                  text23       1792
__ptext24                  text24       07B0
__ptext25                  text25       1622
__ptext26                  text26       08C3
__ptext27                  text27       1324
__ptext28                  text28       1399
__ptext29                  text29       1674
__ptext3                   text3        0C11
__ptext30                  text30       13B5
__ptext31                  text31       155E
__ptext32                  text32       14E3
__ptext33                  text33       1366
__ptext34                  text34       0ED9
__ptext35                  text35       13FD
__ptext36                  text36       1423
__ptext4                   text4        1473
__ptext5                   text5        1520
__ptext6                   text6        0924
__ptext7                   text7        172A
__ptext8                   text8        14A7
__ptext9                   text9        0A7C
__size_of_ISR              (abs)        0000
__size_of_Lcd_Clear        (abs)        0000
__size_of_Lcd_Cmd          (abs)        0000
__size_of_Lcd_Init         (abs)        0000
__size_of_Lcd_Port         (abs)        0000
__size_of_Lcd_Set_Cursor   (abs)        0000
__size_of_Lcd_Write_Char   (abs)        0000
__size_of_Lcd_Write_String (abs)        0000
__size_of_Navkey           (abs)        0000
__size_of_Setup            (abs)        0000
__size_of___altoft         (abs)        0000
__size_of___awtoft         (abs)        0000
__size_of___bmul           (abs)        0000
__size_of___ftadd          (abs)        0000
__size_of___ftdiv          (abs)        0000
__size_of___ftge           (abs)        0000
__size_of___ftmul          (abs)        0000
__size_of___ftneg          (abs)        0000
__size_of___ftpack         (abs)        0000
__size_of___fttol          (abs)        0000
__size_of___lmul           (abs)        0000
__size_of___lwdiv          (abs)        0000
__size_of___lwmod          (abs)        0000
__size_of_atof             (abs)        0000
__size_of_floatToString    (abs)        0000
__size_of_frexp            (abs)        0000
__size_of_isdigit          (abs)        0000
__size_of_isspace          (abs)        0000
__size_of_main             (abs)        0000
__size_of_round            (abs)        0000
__size_of_sprintf          (abs)        0000
__size_of_strcat           (abs)        0000
__size_of_strcpy           (abs)        0000
__size_of_strlen           (abs)        0000
__size_of_strtod           (abs)        0000
__size_of_trunc            (abs)        0000
__size_ofi1_strlen         (abs)        0000
__stringbase               strings      080F
__stringtab                strings      0800
_atof                      text12       137E
_dpowers                   strings      0810
_floatToString             text2        0CE7
_floatToString$1002        cstackBANK1  00C7
_floatToString$1003        cstackBANK1  00CA
_frexp                     text8        14A7
_isdigit                   text15       132F
_isdigit$710               cstackBANK0  0022
_isspace                   text14       1352
_isspace$713               cstackBANK0  0022
_mL                        bssBANK1     00DB
_main                      maintext     044A
_main$1004                 cstackBANK1  00D2
_main$1005                 cstackBANK1  00D5
_main$1006                 cstackBANK1  00D8
_minuto                    bssBANK1     00DE
_modo                      bssBANK0     006D
_ms                        bssBANK1     00E1
_num                       bssBANK1     00EA
_round                     text6        0924
_s                         bssBANK3     0190
_seleccion                 bssBANK0     006C
_sprintf                   text3        0C11
_strcat                    text36       1423
_strcpy                    text30       13B5
_strlen                    text1        144B
_strtod                    text13       002D
_strtod$639                cstackBANK1  00AC
_strtod$640                cstackBANK1  00A0
_strtod$641                cstackBANK1  00A3
_strtod$642                cstackBANK1  00A6
_strtod$643                cstackBANK1  00A9
_tiempo                    bssBANK1     00E6
_timer                     bssCOMMON    007D
_timerPrueba               bssBANK1     00E8
_trunc                     text7        172A
atof@s                     cstackBANK0  0069
btemp                      (abs)        007E
clear_ram0                 clrtext      1312
end_of_initialization      cinit        0029
floatToString@decimal      cstackBANK1  00CD
floatToString@floatNum     cstackBANK1  00B4
floatToString@integer      cstackBANK1  00CF
floatToString@string       cstackBANK1  00B7
frexp@eptr                 cstackBANK0  0025
frexp@value                cstackBANK0  0022
i1_strlen                  text35       13FD
i1strlen@cp                cstackCOMMON 0077
i1strlen@s                 cstackCOMMON 0076
interrupt_function         intentry     0004
intlevel0                  functab      0000
intlevel1                  functab      0000
intlevel2                  functab      0000
intlevel3                  functab      0000
intlevel4                  functab      0000
intlevel5                  functab      0000
isdigit@c                  cstackBANK0  0023
isspace@c                  cstackBANK0  0023
reset_vec                  reset_vec    0000
round@f                    cstackBANK1  00B1
round@x                    cstackBANK1  00AE
saved_w                    (abs)        007E
sprintf@ap                 cstackBANK0  0038
sprintf@c                  cstackBANK0  003E
sprintf@f                  cstackBANK0  0030
sprintf@flag               cstackBANK0  0039
sprintf@prec               cstackBANK0  003A
sprintf@sp                 cstackBANK0  003D
sprintf@val                cstackBANK0  003B
stackhi                    (abs)        0000
stacklo                    (abs)        0000
start                      init         0012
start_initialization       cinit        0015
strcat@cp                  cstackCOMMON 0072
strcat@from                cstackCOMMON 0070
strcat@to                  cstackCOMMON 0073
strcpy@cp                  cstackBANK0  0027
strcpy@from                cstackBANK0  0024
strcpy@to                  cstackBANK0  0022
strlen@cp                  cstackBANK0  0028
strlen@s                   cstackBANK0  0029
strtod@_u                  cstackBANK1  00B1
strtod@eexp                cstackBANK1  00AE
strtod@expon               cstackBANK1  00B0
strtod@flags               cstackBANK1  00AF
strtod@res                 cstackBANK0  0062
strtod@s                   cstackBANK1  00B5
trunc@expon                cstackBANK1  00AC
trunc@i                    cstackBANK1  00A9
trunc@x                    cstackBANK1  00A6
wtemp0                     (abs)        007E


FUNCTION INFORMATION:

 *************** function _main *****************
 Defined at:
		line 269 in file "main.c"
 Parameters:    Size  Location     Type
		None
 Auto vars:     Size  Location     Type
		None
 Return value:  Size  Location     Type
                  1    wreg      void 
 Registers used:
		wreg, fsr0l, fsr0h, status,2, status,0, btemp+1, pclath, cstack
 Tracked objects:
		On entry : 
		On exit  : 
		Unchanged: 
 Data sizes:     COMMON   BANK0   BANK1   BANK3   BANK2
      Params:         0       0       0       0       0
      Locals:         0       0       9       0       0
      Temps:          0       0       1       0       0
      Totals:         0       0      10       0       0
Total ram usage:       10 bytes
 Hardware stack levels required when called:    8
 This function calls:
		_Lcd_Set_Cursor
		_Lcd_Write_Char
		_Lcd_Write_String
		_Navkey
		_Setup
		___awtoft
		___ftadd
		___ftdiv
		___ftge
		___ftmul
		___fttol
		_atof
		_floatToString
		_round
		_strcpy
		_strlen
 This function is called by:
		Startup code after reset
 This function uses a non-reentrant model


 *************** function _strlen *****************
 Defined at:
		line 4 in file "C:\Program Files (x86)\Microchip\xc8\v1.41\sources\common\strlen.c"
 Parameters:    Size  Location     Type
  s               1    wreg     PTR const unsigned char 
		 -> num(4), 
 Auto vars:     Size  Location     Type
  s               1    9[BANK0 ] PTR const unsigned char 
		 -> num(4), 
  cp              1    8[BANK0 ] PTR const unsigned char 
		 -> num(4), 
 Return value:  Size  Location     Type
                  2    2[BANK0 ] unsigned int 
 Registers used:
		wreg, fsr0l, fsr0h, status,2, status,0
 Tracked objects:
		On entry : 
		On exit  : 
		Unchanged: 
 Data sizes:     COMMON   BANK0   BANK1   BANK3   BANK2
      Params:         0       2       0       0       0
      Locals:         0       2       0       0       0
      Temps:          0       4       0       0       0
      Totals:         0       8       0       0       0
Total ram usage:        8 bytes
 Hardware stack levels used:    1
 Hardware stack levels required when called:    3
 This function calls:
		Nothing
 This function is called by:
		_main
 This function uses a non-reentrant model


 *************** function _floatToString *****************
 Defined at:
		line 176 in file "main.c"
 Parameters:    Size  Location     Type
  floatNum        3   20[BANK1 ] float 
 Auto vars:     Size  Location     Type
  string         16   23[BANK1 ] unsigned char [16]
  integer         2   47[BANK1 ] int 
  decimal         2   45[BANK1 ] int 
 Return value:  Size  Location     Type
                  1    wreg      void 
 Registers used:
		wreg, fsr0l, fsr0h, status,2, status,0, btemp+1, pclath, cstack
 Tracked objects:
		On entry : 
		On exit  : 
		Unchanged: 
 Data sizes:     COMMON   BANK0   BANK1   BANK3   BANK2
      Params:         0       0       3       0       0
      Locals:         0       0      26       0       0
      Temps:          0       1       0       0       0
      Totals:         0       1      29       0       0
Total ram usage:       30 bytes
 Hardware stack levels used:    1
 Hardware stack levels required when called:    7
 This function calls:
		___awtoft
		___ftadd
		___ftmul
		___ftneg
		___fttol
		_round
		_sprintf
		_strcpy
 This function is called by:
		_main
 This function uses a non-reentrant model


 *************** function _sprintf *****************
 Defined at:
		line 492 in file "C:\Program Files (x86)\Microchip\xc8\v1.41\sources\common\doprnt.c"
 Parameters:    Size  Location     Type
  sp              1    wreg     PTR unsigned char 
		 -> floatToString@string(16), 
  f               1   16[BANK0 ] PTR const unsigned char 
		 -> STR_12(6), 
 Auto vars:     Size  Location     Type
  sp              1   29[BANK0 ] PTR unsigned char 
		 -> floatToString@string(16), 
  tmpval          4    0        struct .
  val             2   27[BANK0 ] unsigned int 
  cp              2    0        PTR const unsigned char 
  len             2    0        unsigned int 
  c               1   30[BANK0 ] char 
  prec            1   26[BANK0 ] char 
  flag            1   25[BANK0 ] unsigned char 
  ap              1   24[BANK0 ] PTR void [1]
		 -> ?_sprintf(2), 
 Return value:  Size  Location     Type
                  2   16[BANK0 ] int 
 Registers used:
		wreg, fsr0l, fsr0h, status,2, status,0, btemp+1, pclath, cstack
 Tracked objects:
		On entry : 
		On exit  : 
		Unchanged: 
 Data sizes:     COMMON   BANK0   BANK1   BANK3   BANK2
      Params:         0       5       0       0       0
      Locals:         0       7       0       0       0
      Temps:          0       3       0       0       0
      Totals:         0      15       0       0       0
Total ram usage:       15 bytes
 Hardware stack levels used:    1
 Hardware stack levels required when called:    4
 This function calls:
		___lwdiv
		___lwmod
 This function is called by:
		_floatToString
 This function uses a non-reentrant model


 *************** function ___lwmod *****************
 Defined at:
		line 6 in file "C:\Program Files (x86)\Microchip\xc8\v1.41\sources\common\lwmod.c"
 Parameters:    Size  Location     Type
  divisor         2   10[BANK0 ] unsigned int 
  dividend        2   12[BANK0 ] unsigned int 
 Auto vars:     Size  Location     Type
  counter         1   15[BANK0 ] unsigned char 
 Return value:  Size  Location     Type
                  2   10[BANK0 ] unsigned int 
 Registers used:
		wreg, status,2, status,0
 Tracked objects:
		On entry : 
		On exit  : 
		Unchanged: 
 Data sizes:     COMMON   BANK0   BANK1   BANK3   BANK2
      Params:         0       4       0       0       0
      Locals:         0       1       0       0       0
      Temps:          0       1       0       0       0
      Totals:         0       6       0       0       0
Total ram usage:        6 bytes
 Hardware stack levels used:    1
 Hardware stack levels required when called:    3
 This function calls:
		Nothing
 This function is called by:
		_sprintf
 This function uses a non-reentrant model


 *************** function ___lwdiv *****************
 Defined at:
		line 6 in file "C:\Program Files (x86)\Microchip\xc8\v1.41\sources\common\lwdiv.c"
 Parameters:    Size  Location     Type
  divisor         2    2[BANK0 ] unsigned int 
  dividend        2    4[BANK0 ] unsigned int 
 Auto vars:     Size  Location     Type
  quotient        2    7[BANK0 ] unsigned int 
  counter         1    9[BANK0 ] unsigned char 
 Return value:  Size  Location     Type
                  2    2[BANK0 ] unsigned int 
 Registers used:
		wreg, status,2, status,0
 Tracked objects:
		On entry : 
		On exit  : 
		Unchanged: 
 Data sizes:     COMMON   BANK0   BANK1   BANK3   BANK2
      Params:         0       4       0       0       0
      Locals:         0       3       0       0       0
      Temps:          0       1       0       0       0
      Totals:         0       8       0       0       0
Total ram usage:        8 bytes
 Hardware stack levels used:    1
 Hardware stack levels required when called:    3
 This function calls:
		Nothing
 This function is called by:
		_sprintf
 This function uses a non-reentrant model


 *************** function _round *****************
 Defined at:
		line 6 in file "C:\Program Files (x86)\Microchip\xc8\v1.41\sources\common\round.c"
 Parameters:    Size  Location     Type
  x               3   14[BANK1 ] unsigned int 
 Auto vars:     Size  Location     Type
  f               3   17[BANK1 ] unsigned int 
 Return value:  Size  Location     Type
                  3   14[BANK1 ] unsigned int 
 Registers used:
		wreg, fsr0l, fsr0h, status,2, status,0, btemp+1, pclath, cstack
 Tracked objects:
		On entry : 
		On exit  : 
		Unchanged: 
 Data sizes:     COMMON   BANK0   BANK1   BANK3   BANK2
      Params:         0       0       3       0       0
      Locals:         0       0       3       0       0
      Temps:          0       0       0       0       0
      Totals:         0       0       6       0       0
Total ram usage:        6 bytes
 Hardware stack levels used:    1
 Hardware stack levels required when called:    6
 This function calls:
		___ftadd
		___ftneg
		_trunc
 This function is called by:
		_floatToString
		_main
 This function uses a non-reentrant model


 *************** function _trunc *****************
 Defined at:
		line 13 in file "C:\Program Files (x86)\Microchip\xc8\v1.41\sources\common\trunc.c"
 Parameters:    Size  Location     Type
  x               3    6[BANK1 ] unsigned int 
 Auto vars:     Size  Location     Type
  i               3    9[BANK1 ] unsigned int 
  expon           2   12[BANK1 ] int 
 Return value:  Size  Location     Type
                  3    6[BANK1 ] int 
 Registers used:
		wreg, fsr0l, fsr0h, status,2, status,0, btemp+1, pclath, cstack
 Tracked objects:
		On entry : 
		On exit  : 
		Unchanged: 
 Data sizes:     COMMON   BANK0   BANK1   BANK3   BANK2
      Params:         0       0       3       0       0
      Locals:         0       0       5       0       0
      Temps:          0       1       0       0       0
      Totals:         0       1       8       0       0
Total ram usage:        9 bytes
 Hardware stack levels used:    1
 Hardware stack levels required when called:    5
 This function calls:
		___altoft
		___fttol
		_frexp
 This function is called by:
		_round
 This function uses a non-reentrant model


 *************** function _frexp *****************
 Defined at:
		line 254 in file "C:\Program Files (x86)\Microchip\xc8\v1.41\sources\common\frexp.c"
 Parameters:    Size  Location     Type
  value           3    2[BANK0 ] int 
  eptr            1    5[BANK0 ] PTR int 
		 -> trunc@expon(2), 
 Auto vars:     Size  Location     Type
		None
 Return value:  Size  Location     Type
                  3    2[BANK0 ] PTR int 
 Registers used:
		wreg, fsr0l, fsr0h, status,2, status,0, btemp+1
 Tracked objects:
		On entry : 
		On exit  : 
		Unchanged: 
 Data sizes:     COMMON   BANK0   BANK1   BANK3   BANK2
      Params:         0       4       0       0       0
      Locals:         0       0       0       0       0
      Temps:          0       2       0       0       0
      Totals:         0       6       0       0       0
Total ram usage:        6 bytes
 Hardware stack levels used:    1
 Hardware stack levels required when called:    3
 This function calls:
		Nothing
 This function is called by:
		_trunc
 This function uses a non-reentrant model


 *************** function ___fttol *****************
 Defined at:
		line 44 in file "C:\Program Files (x86)\Microchip\xc8\v1.41\sources\common\fttol.c"
 Parameters:    Size  Location     Type
  f1              3   66[BANK0 ] float 
 Auto vars:     Size  Location     Type
  lval            4    1[BANK1 ] unsigned long 
  exp1            1    5[BANK1 ] unsigned char 
  sign1           1    0[BANK1 ] unsigned char 
 Return value:  Size  Location     Type
                  4   66[BANK0 ] long 
 Registers used:
		wreg, status,2, status,0
 Tracked objects:
		On entry : 
		On exit  : 
		Unchanged: 
 Data sizes:     COMMON   BANK0   BANK1   BANK3   BANK2
      Params:         0       4       0       0       0
      Locals:         0       0       6       0       0
      Temps:          0       4       0       0       0
      Totals:         0       8       6       0       0
Total ram usage:       14 bytes
 Hardware stack levels used:    1
 Hardware stack levels required when called:    3
 This function calls:
		Nothing
 This function is called by:
		_floatToString
		_main
		_trunc
 This function uses a non-reentrant model


 *************** function ___ftadd *****************
 Defined at:
		line 86 in file "C:\Program Files (x86)\Microchip\xc8\v1.41\sources\common\ftadd.c"
 Parameters:    Size  Location     Type
  f1              3   21[BANK0 ] float 
  f2              3   24[BANK0 ] float 
 Auto vars:     Size  Location     Type
  exp1            1   33[BANK0 ] unsigned char 
  exp2            1   32[BANK0 ] unsigned char 
  sign            1   31[BANK0 ] unsigned char 
 Return value:  Size  Location     Type
                  3   21[BANK0 ] float 
 Registers used:
		wreg, status,2, status,0, pclath, cstack
 Tracked objects:
		On entry : 
		On exit  : 
		Unchanged: 
 Data sizes:     COMMON   BANK0   BANK1   BANK3   BANK2
      Params:         0       6       0       0       0
      Locals:         0       3       0       0       0
      Temps:          0       4       0       0       0
      Totals:         0      13       0       0       0
Total ram usage:       13 bytes
 Hardware stack levels used:    1
 Hardware stack levels required when called:    4
 This function calls:
		___ftpack
 This function is called by:
		_floatToString
		_main
		_round
 This function uses a non-reentrant model


 *************** function ___awtoft *****************
 Defined at:
		line 32 in file "C:\Program Files (x86)\Microchip\xc8\v1.41\sources\common\awtoft.c"
 Parameters:    Size  Location     Type
  c               2   10[BANK0 ] int 
 Auto vars:     Size  Location     Type
  sign            1   15[BANK0 ] unsigned char 
 Return value:  Size  Location     Type
                  3   10[BANK0 ] float 
 Registers used:
		wreg, status,2, status,0, pclath, cstack
 Tracked objects:
		On entry : 
		On exit  : 
		Unchanged: 
 Data sizes:     COMMON   BANK0   BANK1   BANK3   BANK2
      Params:         0       3       0       0       0
      Locals:         0       1       0       0       0
      Temps:          0       2       0       0       0
      Totals:         0       6       0       0       0
Total ram usage:        6 bytes
 Hardware stack levels used:    1
 Hardware stack levels required when called:    4
 This function calls:
		___ftpack
 This function is called by:
		_floatToString
		_main
 This function uses a non-reentrant model


 *************** function _atof *****************
 Defined at:
		line 200 in file "C:\Program Files (x86)\Microchip\xc8\v1.41\sources\common\atof.c"
 Parameters:    Size  Location     Type
  s               1    wreg     PTR const unsigned char 
		 -> num(4), 
 Auto vars:     Size  Location     Type
  s               1   73[BANK0 ] PTR const unsigned char 
		 -> num(4), 
 Return value:  Size  Location     Type
                  3   22[BANK1 ] PTR const unsigned char 
 Registers used:
		wreg, fsr0l, fsr0h, status,2, status,0, pclath, cstack
 Tracked objects:
		On entry : 
		On exit  : 
		Unchanged: 
 Data sizes:     COMMON   BANK0   BANK1   BANK3   BANK2
      Params:         0       0       4       0       0
      Locals:         0       1       0       0       0
      Temps:          0       0       0       0       0
      Totals:         0       1       4       0       0
Total ram usage:        5 bytes
 Hardware stack levels used:    1
 Hardware stack levels required when called:    6
 This function calls:
		_strtod
 This function is called by:
		_main
 This function uses a non-reentrant model


 *************** function _strtod *****************
 Defined at:
		line 35 in file "C:\Program Files (x86)\Microchip\xc8\v1.41\sources\common\atof.c"
 Parameters:    Size  Location     Type
  s               1    wreg     PTR const unsigned char 
		 -> num(4), 
  res             1   66[BANK0 ] PTR PTR const unsigned c
		 -> NULL(0), 
 Auto vars:     Size  Location     Type
  s               1   21[BANK1 ] PTR const unsigned char 
		 -> num(4), 
  _u              4   17[BANK1 ] struct .
  expon           1   16[BANK1 ] char 
  flags           1   15[BANK1 ] unsigned char 
  eexp            1   14[BANK1 ] char 
 Return value:  Size  Location     Type
                  3   66[BANK0 ] char 
 Registers used:
		wreg, fsr0l, fsr0h, status,2, status,0, pclath, cstack
 Tracked objects:
		On entry : 
		On exit  : 
		Unchanged: 
 Data sizes:     COMMON   BANK0   BANK1   BANK3   BANK2
      Params:         0       3       0       0       0
      Locals:         0       0      22       0       0
      Temps:          0       4       0       0       0
      Totals:         0       7      22       0       0
Total ram usage:       29 bytes
 Hardware stack levels used:    1
 Hardware stack levels required when called:    5
 This function calls:
		___altoft
		___bmul
		___ftdiv
		___ftge
		___ftmul
		___ftneg
		___lmul
		_isdigit
		_isspace
 This function is called by:
		_atof
 This function uses a non-reentrant model


 *************** function _isspace *****************
 Defined at:
		line 8 in file "C:\Program Files (x86)\Microchip\xc8\v1.41\sources\common\isspace.c"
 Parameters:    Size  Location     Type
  c               1    wreg     unsigned char 
 Auto vars:     Size  Location     Type
  c               1    3[BANK0 ] unsigned char 
 Return value:  Size  Location     Type
		None               void
 Registers used:
		wreg, status,2, status,0
 Tracked objects:
		On entry : 
		On exit  : 
		Unchanged: 
 Data sizes:     COMMON   BANK0   BANK1   BANK3   BANK2
      Params:         0       0       0       0       0
      Locals:         0       2       0       0       0
      Temps:          0       0       0       0       0
      Totals:         0       2       0       0       0
Total ram usage:        2 bytes
 Hardware stack levels used:    1
 Hardware stack levels required when called:    3
 This function calls:
		Nothing
 This function is called by:
		_strtod
 This function uses a non-reentrant model


 *************** function _isdigit *****************
 Defined at:
		line 8 in file "C:\Program Files (x86)\Microchip\xc8\v1.41\sources\common\isdigit.c"
 Parameters:    Size  Location     Type
  c               1    wreg     unsigned char 
 Auto vars:     Size  Location     Type
  c               1    3[BANK0 ] unsigned char 
 Return value:  Size  Location     Type
		None               void
 Registers used:
		wreg, status,2, status,0
 Tracked objects:
		On entry : 
		On exit  : 
		Unchanged: 
 Data sizes:     COMMON   BANK0   BANK1   BANK3   BANK2
      Params:         0       0       0       0       0
      Locals:         0       2       0       0       0
      Temps:          0       0       0       0       0
      Totals:         0       2       0       0       0
Total ram usage:        2 bytes
 Hardware stack levels used:    1
 Hardware stack levels required when called:    3
 This function calls:
		Nothing
 This function is called by:
		_strtod
 This function uses a non-reentrant model


 *************** function ___lmul *****************
 Defined at:
		line 15 in file "C:\Program Files (x86)\Microchip\xc8\v1.41\sources\common\Umul32.c"
 Parameters:    Size  Location     Type
  multiplier      4    2[BANK0 ] unsigned long 
  multiplicand    4    6[BANK0 ] unsigned long 
 Auto vars:     Size  Location     Type
  product         4   11[BANK0 ] unsigned long 
 Return value:  Size  Location     Type
                  4    2[BANK0 ] unsigned long 
 Registers used:
		wreg, status,2, status,0
 Tracked objects:
		On entry : 
		On exit  : 
		Unchanged: 
 Data sizes:     COMMON   BANK0   BANK1   BANK3   BANK2
      Params:         0       8       0       0       0
      Locals:         0       4       0       0       0
      Temps:          0       1       0       0       0
      Totals:         0      13       0       0       0
Total ram usage:       13 bytes
 Hardware stack levels used:    1
 Hardware stack levels required when called:    3
 This function calls:
		Nothing
 This function is called by:
		_strtod
 This function uses a non-reentrant model


 *************** function ___ftneg *****************
 Defined at:
		line 15 in file "C:\Program Files (x86)\Microchip\xc8\v1.41\sources\common\ftneg.c"
 Parameters:    Size  Location     Type
  f1              3   18[BANK0 ] float 
 Auto vars:     Size  Location     Type
		None
 Return value:  Size  Location     Type
                  3   18[BANK0 ] float 
 Registers used:
		wreg
 Tracked objects:
		On entry : 
		On exit  : 
		Unchanged: 
 Data sizes:     COMMON   BANK0   BANK1   BANK3   BANK2
      Params:         0       3       0       0       0
      Locals:         0       0       0       0       0
      Temps:          0       0       0       0       0
      Totals:         0       3       0       0       0
Total ram usage:        3 bytes
 Hardware stack levels used:    1
 Hardware stack levels required when called:    3
 This function calls:
		Nothing
 This function is called by:
		_floatToString
		_strtod
		_round
 This function uses a non-reentrant model


 *************** function ___ftmul *****************
 Defined at:
		line 62 in file "C:\Program Files (x86)\Microchip\xc8\v1.41\sources\common\ftmul.c"
 Parameters:    Size  Location     Type
  f1              3   34[BANK0 ] float 
  f2              3   37[BANK0 ] float 
 Auto vars:     Size  Location     Type
  f3_as_produc    3   45[BANK0 ] unsigned um
  sign            1   49[BANK0 ] unsigned char 
  cntr            1   48[BANK0 ] unsigned char 
  exp             1   44[BANK0 ] unsigned char 
 Return value:  Size  Location     Type
                  3   34[BANK0 ] float 
 Registers used:
		wreg, status,2, status,0, pclath, cstack
 Tracked objects:
		On entry : 
		On exit  : 
		Unchanged: 
 Data sizes:     COMMON   BANK0   BANK1   BANK3   BANK2
      Params:         0       6       0       0       0
      Locals:         0       6       0       0       0
      Temps:          0       4       0       0       0
      Totals:         0      16       0       0       0
Total ram usage:       16 bytes
 Hardware stack levels used:    1
 Hardware stack levels required when called:    4
 This function calls:
		___ftpack
 This function is called by:
		_floatToString
		_main
		_strtod
 This function uses a non-reentrant model


 *************** function ___ftge *****************
 Defined at:
		line 4 in file "C:\Program Files (x86)\Microchip\xc8\v1.41\sources\common\ftge.c"
 Parameters:    Size  Location     Type
  ff1             3   50[BANK0 ] float 
  ff2             3   53[BANK0 ] float 
 Auto vars:     Size  Location     Type
		None
 Return value:  Size  Location     Type
		None               void
 Registers used:
		wreg, status,2, status,0
 Tracked objects:
		On entry : 
		On exit  : 
		Unchanged: 
 Data sizes:     COMMON   BANK0   BANK1   BANK3   BANK2
      Params:         0       6       0       0       0
      Locals:         0       0       0       0       0
      Temps:          0       6       0       0       0
      Totals:         0      12       0       0       0
Total ram usage:       12 bytes
 Hardware stack levels used:    1
 Hardware stack levels required when called:    3
 This function calls:
		Nothing
 This function is called by:
		_main
		_strtod
 This function uses a non-reentrant model


 *************** function ___ftdiv *****************
 Defined at:
		line 56 in file "C:\Program Files (x86)\Microchip\xc8\v1.41\sources\common\ftdiv.c"
 Parameters:    Size  Location     Type
  f2              3   50[BANK0 ] float 
  f1              3   53[BANK0 ] float 
 Auto vars:     Size  Location     Type
  f3              3   61[BANK0 ] float 
  sign            1   65[BANK0 ] unsigned char 
  exp             1   64[BANK0 ] unsigned char 
  cntr            1   60[BANK0 ] unsigned char 
 Return value:  Size  Location     Type
                  3   50[BANK0 ] float 
 Registers used:
		wreg, status,2, status,0, pclath, cstack
 Tracked objects:
		On entry : 
		On exit  : 
		Unchanged: 
 Data sizes:     COMMON   BANK0   BANK1   BANK3   BANK2
      Params:         0       6       0       0       0
      Locals:         0       6       0       0       0
      Temps:          0       4       0       0       0
      Totals:         0      16       0       0       0
Total ram usage:       16 bytes
 Hardware stack levels used:    1
 Hardware stack levels required when called:    4
 This function calls:
		___ftpack
 This function is called by:
		_main
		_strtod
 This function uses a non-reentrant model


 *************** function ___bmul *****************
 Defined at:
		line 4 in file "C:\Program Files (x86)\Microchip\xc8\v1.41\sources\common\Umul8.c"
 Parameters:    Size  Location     Type
  multiplier      1    wreg     unsigned char 
  multiplicand    1    2[BANK0 ] unsigned char 
 Auto vars:     Size  Location     Type
  multiplier      1    5[BANK0 ] unsigned char 
  product         1    4[BANK0 ] unsigned char 
 Return value:  Size  Location     Type
                  1    wreg      unsigned char 
 Registers used:
		wreg, status,2, status,0
 Tracked objects:
		On entry : 
		On exit  : 
		Unchanged: 
 Data sizes:     COMMON   BANK0   BANK1   BANK3   BANK2
      Params:         0       1       0       0       0
      Locals:         0       2       0       0       0
      Temps:          0       1       0       0       0
      Totals:         0       4       0       0       0
Total ram usage:        4 bytes
 Hardware stack levels used:    1
 Hardware stack levels required when called:    3
 This function calls:
		Nothing
 This function is called by:
		_strtod
 This function uses a non-reentrant model


 *************** function ___altoft *****************
 Defined at:
		line 42 in file "C:\Program Files (x86)\Microchip\xc8\v1.41\sources\common\altoft.c"
 Parameters:    Size  Location     Type
  c               4   10[BANK0 ] long 
 Auto vars:     Size  Location     Type
  sign            1   17[BANK0 ] unsigned char 
  exp             1   16[BANK0 ] unsigned char 
 Return value:  Size  Location     Type
                  3   10[BANK0 ] float 
 Registers used:
		wreg, status,2, status,0, pclath, cstack
 Tracked objects:
		On entry : 
		On exit  : 
		Unchanged: 
 Data sizes:     COMMON   BANK0   BANK1   BANK3   BANK2
      Params:         0       4       0       0       0
      Locals:         0       2       0       0       0
      Temps:          0       2       0       0       0
      Totals:         0       8       0       0       0
Total ram usage:        8 bytes
 Hardware stack levels used:    1
 Hardware stack levels required when called:    4
 This function calls:
		___ftpack
 This function is called by:
		_strtod
		_trunc
 This function uses a non-reentrant model


 *************** function ___ftpack *****************
 Defined at:
		line 62 in file "C:\Program Files (x86)\Microchip\xc8\v1.41\sources\common\float.c"
 Parameters:    Size  Location     Type
  arg             3    2[BANK0 ] unsigned um
  exp             1    5[BANK0 ] unsigned char 
  sign            1    6[BANK0 ] unsigned char 
 Auto vars:     Size  Location     Type
		None
 Return value:  Size  Location     Type
                  3    2[BANK0 ] float 
 Registers used:
		wreg, status,2, status,0
 Tracked objects:
		On entry : 
		On exit  : 
		Unchanged: 
 Data sizes:     COMMON   BANK0   BANK1   BANK3   BANK2
      Params:         0       5       0       0       0
      Locals:         0       0       0       0       0
      Temps:          0       3       0       0       0
      Totals:         0       8       0       0       0
Total ram usage:        8 bytes
 Hardware stack levels used:    1
 Hardware stack levels required when called:    3
 This function calls:
		Nothing
 This function is called by:
		___altoft
		___awtoft
		___ftadd
		___ftdiv
		___ftmul
 This function uses a non-reentrant model


 *************** function _Setup *****************
 Defined at:
		line 230 in file "main.c"
 Parameters:    Size  Location     Type
		None
 Auto vars:     Size  Location     Type
		None
 Return value:  Size  Location     Type
                  1    wreg      void 
 Registers used:
		wreg, status,2, status,0, pclath, cstack
 Tracked objects:
		On entry : 
		On exit  : 
		Unchanged: 
 Data sizes:     COMMON   BANK0   BANK1   BANK3   BANK2
      Params:         0       0       0       0       0
      Locals:         0       0       0       0       0
      Temps:          0       2       0       0       0
      Totals:         0       2       0       0       0
Total ram usage:        2 bytes
 Hardware stack levels used:    1
 Hardware stack levels required when called:    6
 This function calls:
		_Lcd_Clear
		_Lcd_Init
		_Lcd_Set_Cursor
 This function is called by:
		_main
 This function uses a non-reentrant model


 *************** function _Lcd_Set_Cursor *****************
 Defined at:
		line 41 in file "lcd.h"
 Parameters:    Size  Location     Type
  a               1    wreg     unsigned char 
  b               1    6[BANK0 ] unsigned char 
 Auto vars:     Size  Location     Type
  a               1    9[BANK0 ] unsigned char 
  temp            1   12[BANK0 ] unsigned char 
  y               1   11[BANK0 ] unsigned char 
  z               1   10[BANK0 ] unsigned char 
 Return value:  Size  Location     Type
                  1    wreg      void 
 Registers used:
		wreg, status,2, status,0, pclath, cstack
 Tracked objects:
		On entry : 
		On exit  : 
		Unchanged: 
 Data sizes:     COMMON   BANK0   BANK1   BANK3   BANK2
      Params:         0       1       0       0       0
      Locals:         0       4       0       0       0
      Temps:          0       2       0       0       0
      Totals:         0       7       0       0       0
Total ram usage:        7 bytes
 Hardware stack levels used:    1
 Hardware stack levels required when called:    5
 This function calls:
		_Lcd_Cmd
 This function is called by:
		_Setup
		_main
 This function uses a non-reentrant model


 *************** function _Lcd_Init *****************
 Defined at:
		line 62 in file "lcd.h"
 Parameters:    Size  Location     Type
		None
 Auto vars:     Size  Location     Type
		None
 Return value:  Size  Location     Type
                  1    wreg      void 
 Registers used:
		wreg, status,2, status,0, pclath, cstack
 Tracked objects:
		On entry : 
		On exit  : 
		Unchanged: 
 Data sizes:     COMMON   BANK0   BANK1   BANK3   BANK2
      Params:         0       0       0       0       0
      Locals:         0       0       0       0       0
      Temps:          0       2       0       0       0
      Totals:         0       2       0       0       0
Total ram usage:        2 bytes
 Hardware stack levels used:    1
 Hardware stack levels required when called:    5
 This function calls:
		_Lcd_Cmd
		_Lcd_Port
 This function is called by:
		_Setup
 This function uses a non-reentrant model


 *************** function _Lcd_Clear *****************
 Defined at:
		line 35 in file "lcd.h"
 Parameters:    Size  Location     Type
		None
 Auto vars:     Size  Location     Type
		None
 Return value:  Size  Location     Type
                  2   86[None  ] int 
 Registers used:
		wreg, status,2, status,0, pclath, cstack
 Tracked objects:
		On entry : 
		On exit  : 
		Unchanged: 
 Data sizes:     COMMON   BANK0   BANK1   BANK3   BANK2
      Params:         0       0       0       0       0
      Locals:         0       0       0       0       0
      Temps:          0       0       0       0       0
      Totals:         0       0       0       0       0
Total ram usage:        0 bytes
 Hardware stack levels used:    1
 Hardware stack levels required when called:    5
 This function calls:
		_Lcd_Cmd
 This function is called by:
		_Setup
 This function uses a non-reentrant model


 *************** function _Lcd_Cmd *****************
 Defined at:
		line 26 in file "lcd.h"
 Parameters:    Size  Location     Type
  a               1    wreg     unsigned char 
 Auto vars:     Size  Location     Type
  a               1    5[BANK0 ] unsigned char 
 Return value:  Size  Location     Type
                  1    wreg      void 
 Registers used:
		wreg, status,2, status,0, pclath, cstack
 Tracked objects:
		On entry : 
		On exit  : 
		Unchanged: 
 Data sizes:     COMMON   BANK0   BANK1   BANK3   BANK2
      Params:         0       0       0       0       0
      Locals:         0       1       0       0       0
      Temps:          0       2       0       0       0
      Totals:         0       3       0       0       0
Total ram usage:        3 bytes
 Hardware stack levels used:    1
 Hardware stack levels required when called:    4
 This function calls:
		_Lcd_Port
 This function is called by:
		_Lcd_Clear
		_Lcd_Set_Cursor
		_Lcd_Init
		_Lcd_Shift_Right
		_Lcd_Shift_Left
 This function uses a non-reentrant model


 *************** function _Navkey *****************
 Defined at:
		line 186 in file "main.c"
 Parameters:    Size  Location     Type
		None
 Auto vars:     Size  Location     Type
		None
 Return value:  Size  Location     Type
                  1    wreg      void 
 Registers used:
		wreg, fsr0l, fsr0h, status,2, status,0, btemp+1, pclath, cstack
 Tracked objects:
		On entry : 
		On exit  : 
		Unchanged: 
 Data sizes:     COMMON   BANK0   BANK1   BANK3   BANK2
      Params:         0       0       0       0       0
      Locals:         0       0       0       0       0
      Temps:          0       1       0       0       0
      Totals:         0       1       0       0       0
Total ram usage:        1 bytes
 Hardware stack levels used:    1
 Hardware stack levels required when called:    4
 This function calls:
		_strcpy
 This function is called by:
		_main
 This function uses a non-reentrant model


 *************** function _strcpy *****************
 Defined at:
		line 8 in file "C:\Program Files (x86)\Microchip\xc8\v1.41\sources\common\strcpy.c"
 Parameters:    Size  Location     Type
  to              2    2[BANK0 ] PTR unsigned char 
		 -> s(16), num(4), 
  from            2    4[BANK0 ] PTR const unsigned char 
		 -> STR_21(1), STR_18(1), STR_15(1), STR_14(1), 
		 -> STR_13(1), floatToString@string(16), 
 Auto vars:     Size  Location     Type
  cp              2    7[BANK0 ] PTR unsigned char 
		 -> s(16), num(4), 
 Return value:  Size  Location     Type
                  2    2[BANK0 ] PTR unsigned char 
 Registers used:
		wreg, fsr0l, fsr0h, status,2, status,0, btemp+1, pclath
 Tracked objects:
		On entry : 
		On exit  : 
		Unchanged: 
 Data sizes:     COMMON   BANK0   BANK1   BANK3   BANK2
      Params:         0       4       0       0       0
      Locals:         0       2       0       0       0
      Temps:          0       1       0       0       0
      Totals:         0       7       0       0       0
Total ram usage:        7 bytes
 Hardware stack levels used:    1
 Hardware stack levels required when called:    3
 This function calls:
		Nothing
 This function is called by:
		_floatToString
		_Navkey
		_main
 This function uses a non-reentrant model


 *************** function _Lcd_Write_String *****************
 Defined at:
		line 97 in file "lcd.h"
 Parameters:    Size  Location     Type
  a               2    7[BANK0 ] PTR unsigned char 
		 -> STR_28(7), STR_27(7), STR_26(7), STR_25(7), 
		 -> STR_24(7), STR_23(17), STR_22(17), STR_20(17), 
		 -> STR_19(17), STR_17(17), STR_16(17), s(16), 
 Auto vars:     Size  Location     Type
  i               2   12[BANK0 ] int 
 Return value:  Size  Location     Type
                  1    wreg      void 
 Registers used:
		wreg, fsr0l, fsr0h, status,2, status,0, btemp+1, pclath, cstack
 Tracked objects:
		On entry : 
		On exit  : 
		Unchanged: 
 Data sizes:     COMMON   BANK0   BANK1   BANK3   BANK2
      Params:         0       2       0       0       0
      Locals:         0       2       0       0       0
      Temps:          0       3       0       0       0
      Totals:         0       7       0       0       0
Total ram usage:        7 bytes
 Hardware stack levels used:    1
 Hardware stack levels required when called:    5
 This function calls:
		_Lcd_Write_Char
 This function is called by:
		_main
 This function uses a non-reentrant model


 *************** function _Lcd_Write_Char *****************
 Defined at:
		line 81 in file "lcd.h"
 Parameters:    Size  Location     Type
  a               1    wreg     unsigned char 
 Auto vars:     Size  Location     Type
  a               1    6[BANK0 ] unsigned char 
  y               1    5[BANK0 ] unsigned char 
  temp            1    4[BANK0 ] unsigned char 
 Return value:  Size  Location     Type
                  1    wreg      void 
 Registers used:
		wreg, status,2, status,0, pclath, cstack
 Tracked objects:
		On entry : 
		On exit  : 
		Unchanged: 
 Data sizes:     COMMON   BANK0   BANK1   BANK3   BANK2
      Params:         0       0       0       0       0
      Locals:         0       3       0       0       0
      Temps:          0       1       0       0       0
      Totals:         0       4       0       0       0
Total ram usage:        4 bytes
 Hardware stack levels used:    1
 Hardware stack levels required when called:    4
 This function calls:
		_Lcd_Port
 This function is called by:
		_Lcd_Write_String
		_main
 This function uses a non-reentrant model


 *************** function _Lcd_Port *****************
 Defined at:
		line 4 in file "lcd.h"
 Parameters:    Size  Location     Type
  a               1    wreg     unsigned char 
 Auto vars:     Size  Location     Type
  a               1    2[BANK0 ] unsigned char 
 Return value:  Size  Location     Type
                  1    wreg      void 
 Registers used:
		wreg
 Tracked objects:
		On entry : 
		On exit  : 
		Unchanged: 
 Data sizes:     COMMON   BANK0   BANK1   BANK3   BANK2
      Params:         0       0       0       0       0
      Locals:         0       1       0       0       0
      Temps:          0       0       0       0       0
      Totals:         0       1       0       0       0
Total ram usage:        1 bytes
 Hardware stack levels used:    1
 Hardware stack levels required when called:    3
 This function calls:
		Nothing
 This function is called by:
		_Lcd_Cmd
		_Lcd_Init
		_Lcd_Write_Char
 This function uses a non-reentrant model


 *************** function _ISR *****************
 Defined at:
		line 53 in file "main.c"
 Parameters:    Size  Location     Type
		None
 Auto vars:     Size  Location     Type
  i               2    0[BANK0 ] int 
 Return value:  Size  Location     Type
                  1    wreg      void 
 Registers used:
		wreg, fsr0l, fsr0h, status,2, status,0, btemp+1, pclath, cstack
 Tracked objects:
		On entry : 
		On exit  : 
		Unchanged: 
 Data sizes:     COMMON   BANK0   BANK1   BANK3   BANK2
      Params:         0       0       0       0       0
      Locals:         0       2       0       0       0
      Temps:          5       0       0       0       0
      Totals:         5       2       0       0       0
Total ram usage:        7 bytes
 Hardware stack levels used:    1
 Hardware stack levels required when called:    2
 This function calls:
		_strcat
		i1_strlen
 This function is called by:
		Interrupt level 1
 This function uses a non-reentrant model


 *************** function i1_strlen *****************
 Defined at:
		line 4 in file "C:\Program Files (x86)\Microchip\xc8\v1.41\sources\common\strlen.c"
 Parameters:    Size  Location     Type
  s               1    wreg     PTR const unsigned char 
		 -> num(4), 
 Auto vars:     Size  Location     Type
  s               1    6[COMMON] PTR const unsigned char 
		 -> num(4), 
  strlen          1    7[COMMON] PTR const unsigned char 
		 -> num(4), 
 Return value:  Size  Location     Type
                  2    0[COMMON] unsigned int 
 Registers used:
		wreg, fsr0l, fsr0h, status,2, status,0
 Tracked objects:
		On entry : 
		On exit  : 
		Unchanged: 
 Data sizes:     COMMON   BANK0   BANK1   BANK3   BANK2
      Params:         2       0       0       0       0
      Locals:         2       0       0       0       0
      Temps:          4       0       0       0       0
      Totals:         8       0       0       0       0
Total ram usage:        8 bytes
 Hardware stack levels used:    1
 This function calls:
		Nothing
 This function is called by:
		_ISR
 This function uses a non-reentrant model


 *************** function _strcat *****************
 Defined at:
		line 8 in file "C:\Program Files (x86)\Microchip\xc8\v1.41\sources\common\strcat.c"
 Parameters:    Size  Location     Type
  to              1    wreg     PTR unsigned char 
		 -> num(4), 
  from            1    0[COMMON] PTR const unsigned char 
		 -> STR_11(2), STR_10(2), STR_9(2), STR_8(2), 
		 -> STR_7(2), STR_6(2), STR_5(2), STR_4(2), 
		 -> STR_3(2), STR_2(2), STR_1(2), 
 Auto vars:     Size  Location     Type
  to              1    3[COMMON] PTR unsigned char 
		 -> num(4), 
  cp              1    2[COMMON] PTR unsigned char 
		 -> num(4), 
 Return value:  Size  Location     Type
                  1    wreg      PTR unsigned char 
 Registers used:
		wreg, fsr0l, fsr0h, status,2, status,0, pclath
 Tracked objects:
		On entry : 
		On exit  : 
		Unchanged: 
 Data sizes:     COMMON   BANK0   BANK1   BANK3   BANK2
      Params:         1       0       0       0       0
      Locals:         2       0       0       0       0
      Temps:          1       0       0       0       0
      Totals:         4       0       0       0       0
Total ram usage:        4 bytes
 Hardware stack levels used:    2
 This function calls:
		Nothing
 This function is called by:
		_ISR
 This function uses a non-reentrant model



MODULE INFORMATION

Module		Function		Class		Link	Load	Size
C:\Program Files (x86)\Microchip\xc8\v1.41\sources\common\lwdiv.c
		___lwdiv       		CODE           	1520	0000	63

C:\Program Files (x86)\Microchip\xc8\v1.41\sources\common\lwdiv.c estimated size: 63

C:\Program Files (x86)\Microchip\xc8\v1.41\sources\common\trunc.c
		_trunc         		CODE           	172A	0000	105

C:\Program Files (x86)\Microchip\xc8\v1.41\sources\common\trunc.c estimated size: 105

C:\Program Files (x86)\Microchip\xc8\v1.41\sources\common\doprnt.c
		_sprintf       		CODE           	0C11	0000	215

C:\Program Files (x86)\Microchip\xc8\v1.41\sources\common\doprnt.c estimated size: 215

C:\Program Files (x86)\Microchip\xc8\v1.41\sources\common\Umul8.c
		___bmul        		CODE           	133F	0000	20

C:\Program Files (x86)\Microchip\xc8\v1.41\sources\common\Umul8.c estimated size: 20

C:\Program Files (x86)\Microchip\xc8\v1.41\sources\common\fttol.c
		___fttol       		CODE           	0A7C	0000	195

C:\Program Files (x86)\Microchip\xc8\v1.41\sources\common\fttol.c estimated size: 195

C:\Program Files (x86)\Microchip\xc8\v1.41\sources\common\isdigit.c
		_isdigit       		CODE           	132F	0000	17

C:\Program Files (x86)\Microchip\xc8\v1.41\sources\common\isdigit.c estimated size: 17

C:\Program Files (x86)\Microchip\xc8\v1.41\sources\common\atof.c
		_atof          		CODE           	137E	0000	28
		_strtod        		CODE           	002D	0000	1054

C:\Program Files (x86)\Microchip\xc8\v1.41\sources\common\atof.c estimated size: 1082

C:\Program Files (x86)\Microchip\xc8\v1.41\sources\common\ftadd.c
		___ftadd       		CODE           	0DD0	0000	266

C:\Program Files (x86)\Microchip\xc8\v1.41\sources\common\ftadd.c estimated size: 266

C:\Program Files (x86)\Microchip\xc8\v1.41\sources\common\ftge.c
		___ftge        		CODE           	16CB	0000	96

C:\Program Files (x86)\Microchip\xc8\v1.41\sources\common\ftge.c estimated size: 96

C:\Program Files (x86)\Microchip\xc8\v1.41\sources\common\round.c
		_round         		CODE           	0924	0000	161

C:\Program Files (x86)\Microchip\xc8\v1.41\sources\common\round.c estimated size: 161

C:\Program Files (x86)\Microchip\xc8\v1.41\sources\common\Umul32.c
		___lmul        		CODE           	159F	0000	66

C:\Program Files (x86)\Microchip\xc8\v1.41\sources\common\Umul32.c estimated size: 66

C:\Program Files (x86)\Microchip\xc8\v1.41\sources\common\ftneg.c
		___ftneg       		CODE           	131A	0000	11

C:\Program Files (x86)\Microchip\xc8\v1.41\sources\common\ftneg.c estimated size: 11

C:\Program Files (x86)\Microchip\xc8\v1.41\sources\common\strcat.c
		_strcat        		CODE           	1423	0000	41

C:\Program Files (x86)\Microchip\xc8\v1.41\sources\common\strcat.c estimated size: 41

C:\Program Files (x86)\Microchip\xc8\v1.41\sources\common\float.c
		___ftpack      		CODE           	1792	0000	111

C:\Program Files (x86)\Microchip\xc8\v1.41\sources\common\float.c estimated size: 111

shared
		__stringtab    		STRING         	0800	0000	17
		_dpowers       		STRING         	0810	0000	11
		__initialization		CODE           	0015	0000	21
		i1_strlen      		CODE           	13FD	0000	39

shared estimated size: 88

C:\Program Files (x86)\Microchip\xc8\v1.41\sources\common\lwmod.c
		___lwmod       		CODE           	1473	0000	53

C:\Program Files (x86)\Microchip\xc8\v1.41\sources\common\lwmod.c estimated size: 53

C:\Program Files (x86)\Microchip\xc8\v1.41\sources\common\strlen.c
		_strlen        		CODE           	144B	0000	41

C:\Program Files (x86)\Microchip\xc8\v1.41\sources\common\strlen.c estimated size: 41

C:\Program Files (x86)\Microchip\xc8\v1.41\sources\common\awtoft.c
		___awtoft      		CODE           	13D8	0000	38

C:\Program Files (x86)\Microchip\xc8\v1.41\sources\common\awtoft.c estimated size: 38

C:\Program Files (x86)\Microchip\xc8\v1.41\sources\common\strcpy.c
		_strcpy        		CODE           	13B5	0000	36

C:\Program Files (x86)\Microchip\xc8\v1.41\sources\common\strcpy.c estimated size: 36

C:\Program Files (x86)\Microchip\xc8\v1.41\sources\common\altoft.c
		___altoft      		CODE           	15E0	0000	67

C:\Program Files (x86)\Microchip\xc8\v1.41\sources\common\altoft.c estimated size: 67

C:\Program Files (x86)\Microchip\xc8\v1.41\sources\common\isspace.c
		_isspace       		CODE           	1352	0000	21

C:\Program Files (x86)\Microchip\xc8\v1.41\sources\common\isspace.c estimated size: 21

C:\Program Files (x86)\Microchip\xc8\v1.41\sources\common\frexp.c
		_frexp         		CODE           	14A7	0000	61

C:\Program Files (x86)\Microchip\xc8\v1.41\sources\common\frexp.c estimated size: 61

lcd.h
		_Lcd_Write_String		CODE           	155E	0000	66
		_Lcd_Init      		CODE           	08C3	0000	98
		_Lcd_Write_Char		CODE           	14E3	0000	62
		_Lcd_Cmd       		CODE           	1399	0000	29
		_Lcd_Set_Cursor		CODE           	1622	0000	83
		_Lcd_Clear     		CODE           	1324	0000	12
		_Lcd_Port      		CODE           	1366	0000	25

lcd.h estimated size: 375

C:\Program Files (x86)\Microchip\xc8\v1.41\sources\common\ftmul.c
		___ftmul       		CODE           	0B3E	0000	212

C:\Program Files (x86)\Microchip\xc8\v1.41\sources\common\ftmul.c estimated size: 212

main.c
		_ISR           		CODE           	0ED9	0000	296
		_Navkey        		CODE           	1674	0000	88
		_main          		CODE           	044A	0000	871
		_Setup         		CODE           	07B0	0000	79
		_floatToString 		CODE           	0CE7	0000	234

main.c estimated size: 1568

C:\Program Files (x86)\Microchip\xc8\v1.41\sources\common\ftdiv.c
		___ftdiv       		CODE           	09C4	0000	185

C:\Program Files (x86)\Microchip\xc8\v1.41\sources\common\ftdiv.c estimated size: 185

